// Jest Snapshot v1, https://goo.gl/fbAQLP

exports[`ErrorUX should match snapshot... 1`] = `
<div
  className="slds-notify slds-notify_alert slds-theme_alert-texture slds-theme_error"
  role="alert"
>
  <span
    className="slds-assistive-text"
  >
    error
  </span>
  <h2>
    OK
  </h2>
  <button
    className="slds-button slds-button_icon slds-notify__close slds-button_icon-inverse"
    title="Close"
  >
    <span
      className="slds-assistive-text"
    >
      Close
    </span>
  </button>
</div>
`;
