// Jest Snapshot v1, https://goo.gl/fbAQLP

exports[`Message List should render correctly... 1`] = `

<div class>
  <div>
    <li tabindex="0"
        class="root root button default"
        role="button"
    >
      <div>
        <div>
          <svg class="root"
               focusable="false"
               viewbox="0 0 24 24"
               aria-hidden="true"
          >
            <circle cx="12"
                    cy="19"
                    r="2"
            >
            </circle>
            <path d="M10 3h4v12h-4z">
            </path>
          </svg>
        </div>
        <div>
          <div>
            <div class="noWrap">
              Diogo2
            </div>
            <div class="noWrap">
              2017-12-01
            </div>
          </div>
          <div>
            <div class="noWrap">
              test snapshot
            </div>
          </div>
          <div>
            <div class="noWrap">
              READ
            </div>
          </div>
        </div>
      </div>
      <span class="root">
      </span>
    </li>
  </div>
</div>

`;
